Copyright 1986-2022 Xilinx, Inc. All Rights Reserved. Copyright 2022-2024 Advanced Micro Devices, Inc. All Rights Reserved.
------------------------------------------------------------------------------------------------------------------------------------------------------------------------------------------------------------------------------------------------
| Tool Version : Vivado v.2024.2 (win64) Build 5239630 Fri Nov 08 22:35:27 MST 2024
| Date         : Thu Jun 11 16:59:31 2026
| Host         : LAPTOP-63RP9LVC running 64-bit major release  (build 9200)
| Command      : report_timing_summary -max_paths 10 -report_unconstrained -file Single_Cycle_Core_timing_summary_routed.rpt -pb Single_Cycle_Core_timing_summary_routed.pb -rpx Single_Cycle_Core_timing_summary_routed.rpx -warn_on_violation
| Design       : Single_Cycle_Core
| Device       : 7a200t-sbg484
| Speed File   : -3  PRODUCTION 1.23 2018-06-13
| Design State : Routed
------------------------------------------------------------------------------------------------------------------------------------------------------------------------------------------------------------------------------------------------

Timing Summary Report

------------------------------------------------------------------------------------------------
| Timer Settings
| --------------
------------------------------------------------------------------------------------------------

  Enable Multi Corner Analysis               :  Yes
  Enable Pessimism Removal                   :  Yes
  Pessimism Removal Resolution               :  Nearest Common Node
  Enable Input Delay Default Clock           :  No
  Enable Preset / Clear Arcs                 :  No
  Disable Flight Delays                      :  No
  Ignore I/O Paths                           :  No
  Timing Early Launch at Borrowing Latches   :  No
  Borrow Time for Max Delay Exceptions       :  Yes
  Merge Timing Exceptions                    :  Yes
  Inter-SLR Compensation                     :  Conservative

  Corner  Analyze    Analyze    
  Name    Max Paths  Min Paths  
  ------  ---------  ---------  
  Slow    Yes        Yes        
  Fast    Yes        Yes        


------------------------------------------------------------------------------------------------
| Report Methodology
| ------------------
------------------------------------------------------------------------------------------------

Rule       Severity          Description                  Violations  
---------  ----------------  ---------------------------  ----------  
TIMING-17  Critical Warning  Non-clocked sequential cell  118         

Note: This report is based on the most recent report_methodology run and may not be up-to-date. Run report_methodology on the current design for the latest report.



check_timing report

Table of Contents
-----------------
1. checking no_clock (118)
2. checking constant_clock (0)
3. checking pulse_width_clock (0)
4. checking unconstrained_internal_endpoints (656)
5. checking no_input_delay (65)
6. checking no_output_delay (94)
7. checking multiple_clock (0)
8. checking generated_clocks (0)
9. checking loops (0)
10. checking partial_input_delay (0)
11. checking partial_output_delay (0)
12. checking latch_loops (0)

1. checking no_clock (118)
--------------------------
 There are 118 register/latch pins with no clock driven by root clock pin: clk (HIGH)


2. checking constant_clock (0)
------------------------------
 There are 0 register/latch pins with constant_clock.


3. checking pulse_width_clock (0)
---------------------------------
 There are 0 register/latch pins which need pulse_width check


4. checking unconstrained_internal_endpoints (656)
--------------------------------------------------
 There are 656 pins that are not constrained for maximum delay. (HIGH)

 There are 0 pins that are not constrained for maximum delay due to constant clock.


5. checking no_input_delay (65)
-------------------------------
 There are 65 input ports with no input delay specified. (HIGH)

 There are 0 input ports with no input delay but user has a false path constraint.


6. checking no_output_delay (94)
--------------------------------
 There are 94 ports with no output delay specified. (HIGH)

 There are 0 ports with no output delay but user has a false path constraint

 There are 0 ports with no output delay but with a timing clock defined on it or propagating through it


7. checking multiple_clock (0)
------------------------------
 There are 0 register/latch pins with multiple clocks.


8. checking generated_clocks (0)
--------------------------------
 There are 0 generated clocks that are not connected to a clock source.


9. checking loops (0)
---------------------
 There are 0 combinational loops in the design.


10. checking partial_input_delay (0)
------------------------------------
 There are 0 input ports with partial input delay specified.


11. checking partial_output_delay (0)
-------------------------------------
 There are 0 ports with partial output delay specified.


12. checking latch_loops (0)
----------------------------
 There are 0 combinational latch loops in the design through latch input



------------------------------------------------------------------------------------------------
| Design Timing Summary
| ---------------------
------------------------------------------------------------------------------------------------

    WNS(ns)      TNS(ns)  TNS Failing Endpoints  TNS Total Endpoints      WHS(ns)      THS(ns)  THS Failing Endpoints  THS Total Endpoints     WPWS(ns)     TPWS(ns)  TPWS Failing Endpoints  TPWS Total Endpoints  
    -------      -------  ---------------------  -------------------      -------      -------  ---------------------  -------------------     --------     --------  ----------------------  --------------------  
        inf        0.000                      0                  751          inf        0.000                      0                  751           NA           NA                      NA                    NA  


There are no user specified timing constraints.


------------------------------------------------------------------------------------------------
| Clock Summary
| -------------
------------------------------------------------------------------------------------------------


------------------------------------------------------------------------------------------------
| Intra Clock Table
| -----------------
------------------------------------------------------------------------------------------------

Clock             WNS(ns)      TNS(ns)  TNS Failing Endpoints  TNS Total Endpoints      WHS(ns)      THS(ns)  THS Failing Endpoints  THS Total Endpoints     WPWS(ns)     TPWS(ns)  TPWS Failing Endpoints  TPWS Total Endpoints  
-----             -------      -------  ---------------------  -------------------      -------      -------  ---------------------  -------------------     --------     --------  ----------------------  --------------------  


------------------------------------------------------------------------------------------------
| Inter Clock Table
| -----------------
------------------------------------------------------------------------------------------------

From Clock    To Clock          WNS(ns)      TNS(ns)  TNS Failing Endpoints  TNS Total Endpoints      WHS(ns)      THS(ns)  THS Failing Endpoints  THS Total Endpoints  
----------    --------          -------      -------  ---------------------  -------------------      -------      -------  ---------------------  -------------------  


------------------------------------------------------------------------------------------------
| Other Path Groups Table
| -----------------------
------------------------------------------------------------------------------------------------

Path Group    From Clock    To Clock          WNS(ns)      TNS(ns)  TNS Failing Endpoints  TNS Total Endpoints      WHS(ns)      THS(ns)  THS Failing Endpoints  THS Total Endpoints  
----------    ----------    --------          -------      -------  ---------------------  -------------------      -------      -------  ---------------------  -------------------  


------------------------------------------------------------------------------------------------
| User Ignored Path Table
| -----------------------
------------------------------------------------------------------------------------------------

Path Group    From Clock    To Clock    
----------    ----------    --------    


------------------------------------------------------------------------------------------------
| Unconstrained Path Table
| ------------------------
------------------------------------------------------------------------------------------------

Path Group    From Clock    To Clock    
----------    ----------    --------    
(none)                                    


------------------------------------------------------------------------------------------------
| Timing Details
| --------------
------------------------------------------------------------------------------------------------


--------------------------------------------------------------------------------------
Path Group:  (none)
From Clock:  
  To Clock:  

Max Delay           751 Endpoints
Min Delay           751 Endpoints
--------------------------------------------------------------------------------------


Max Delay Paths
--------------------------------------------------------------------------------------
Slack:                    inf
  Source:                 Instr[0]
                            (input port)
  Destination:            ALUResult[9]
                            (output port)
  Path Group:             (none)
  Path Type:              Max at Slow Process Corner
  Data Path Delay:        18.520ns  (logic 4.044ns (21.835%)  route 14.476ns (78.165%))
  Logic Levels:           9  (IBUF=1 LUT2=2 LUT6=5 OBUF=1)

    Location             Delay type                Incr(ns)  Path(ns)    Netlist Resource(s)
  -------------------------------------------------------------------    -------------------
    U16                                               0.000     0.000 r  Instr[0] (IN)
                         net (fo=0)                   0.000     0.000    Instr[0]
    U16                  IBUF (Prop_ibuf_I_O)         0.807     0.807 r  Instr_IBUF[0]_inst/O
                         net (fo=2, routed)           2.167     2.973    core_datapath_inst/RF/Instr_IBUF[0]
    SLICE_X0Y116         LUT2 (Prop_lut2_I1_O)        0.111     3.084 f  core_datapath_inst/RF/MemWrite_OBUF_inst_i_2/O
                         net (fo=9, routed)           0.634     3.718    core_datapath_inst/RF/Instr[1]
    SLICE_X0Y116         LUT6 (Prop_lut6_I5_O)        0.239     3.957 r  core_datapath_inst/RF/i__carry__0_i_5/O
                         net (fo=125, routed)         0.495     4.452    core_datapath_inst/RF/Instr[4]
    SLICE_X1Y116         LUT6 (Prop_lut6_I4_O)        0.097     4.549 f  core_datapath_inst/RF/i__carry__0_i_6/O
                         net (fo=65, routed)          2.060     6.609    core_datapath_inst/RF/Instr[31][4]
    SLICE_X10Y126        LUT2 (Prop_lut2_I0_O)        0.100     6.709 r  core_datapath_inst/RF/ALUResult_OBUF[2]_inst_i_10/O
                         net (fo=28, routed)          1.492     8.201    core_datapath_inst/RF/ALUResult_OBUF[2]_inst_i_10_n_0
    SLICE_X10Y119        LUT6 (Prop_lut6_I2_O)        0.234     8.435 r  core_datapath_inst/RF/ALUResult_OBUF[9]_inst_i_6/O
                         net (fo=2, routed)           0.356     8.791    core_datapath_inst/RF/ALUResult_OBUF[9]_inst_i_6_n_0
    SLICE_X11Y119        LUT6 (Prop_lut6_I0_O)        0.097     8.888 r  core_datapath_inst/RF/ALUResult_OBUF[9]_inst_i_3/O
                         net (fo=2, routed)           0.728     9.616    core_datapath_inst/RF/ALUResult_OBUF[9]_inst_i_3_n_0
    SLICE_X8Y117         LUT6 (Prop_lut6_I4_O)        0.097     9.713 r  core_datapath_inst/RF/ALUResult_OBUF[9]_inst_i_1/O
                         net (fo=1, routed)           6.545    16.258    ALUResult_OBUF[9]
    Y7                   OBUF (Prop_obuf_I_O)         2.262    18.520 r  ALUResult_OBUF[9]_inst/O
                         net (fo=0)                   0.000    18.520    ALUResult[9]
    Y7                                                                r  ALUResult[9] (OUT)
  -------------------------------------------------------------------    -------------------

Slack:                    inf
  Source:                 Instr[0]
                            (input port)
  Destination:            ALUResult[20]
                            (output port)
  Path Group:             (none)
  Path Type:              Max at Slow Process Corner
  Data Path Delay:        18.441ns  (logic 4.491ns (24.353%)  route 13.950ns (75.647%))
  Logic Levels:           11  (CARRY4=2 IBUF=1 LUT2=2 LUT4=1 LUT6=4 OBUF=1)

    Location             Delay type                Incr(ns)  Path(ns)    Netlist Resource(s)
  -------------------------------------------------------------------    -------------------
    U16                                               0.000     0.000 r  Instr[0] (IN)
                         net (fo=0)                   0.000     0.000    Instr[0]
    U16                  IBUF (Prop_ibuf_I_O)         0.807     0.807 r  Instr_IBUF[0]_inst/O
                         net (fo=2, routed)           2.167     2.973    core_datapath_inst/RF/Instr_IBUF[0]
    SLICE_X0Y116         LUT2 (Prop_lut2_I1_O)        0.111     3.084 f  core_datapath_inst/RF/MemWrite_OBUF_inst_i_2/O
                         net (fo=9, routed)           0.634     3.718    core_datapath_inst/RF/Instr[1]
    SLICE_X0Y116         LUT6 (Prop_lut6_I5_O)        0.239     3.957 r  core_datapath_inst/RF/i__carry__0_i_5/O
                         net (fo=125, routed)         1.709     5.667    core_datapath_inst/RF/Instr[4]
    SLICE_X3Y123         LUT6 (Prop_lut6_I0_O)        0.097     5.764 r  core_datapath_inst/RF/i__carry__3_i_5/O
                         net (fo=8, routed)           0.881     6.644    core_datapath_inst/RF/B[19]
    SLICE_X4Y120         LUT2 (Prop_lut2_I0_O)        0.097     6.741 r  core_datapath_inst/RF/i__carry__3_i_1/O
                         net (fo=1, routed)           0.000     6.741    core_datapath_inst/ALU1/ALUResult_OBUF[16]_inst_i_6[3]
    SLICE_X4Y120         CARRY4 (Prop_carry4_S[3]_CO[3])
                                                      0.299     7.040 r  core_datapath_inst/ALU1/res0_inferred__0/i__carry__3/CO[3]
                         net (fo=1, routed)           0.000     7.040    core_datapath_inst/ALU1/res0_inferred__0/i__carry__3_n_0
    SLICE_X4Y121         CARRY4 (Prop_carry4_CI_O[0])
                                                      0.159     7.199 r  core_datapath_inst/ALU1/res0_inferred__0/i__carry__4/O[0]
                         net (fo=1, routed)           0.618     7.818    core_datapath_inst/RF/ALUResult_OBUF[31]_inst_i_1_0[19]
    SLICE_X2Y121         LUT6 (Prop_lut6_I1_O)        0.224     8.042 r  core_datapath_inst/RF/ALUResult_OBUF[20]_inst_i_6/O
                         net (fo=1, routed)           0.795     8.836    core_datapath_inst/RF/ALUResult_OBUF[20]_inst_i_6_n_0
    SLICE_X4Y125         LUT4 (Prop_lut4_I3_O)        0.097     8.933 r  core_datapath_inst/RF/ALUResult_OBUF[20]_inst_i_2/O
                         net (fo=1, routed)           0.907     9.840    core_datapath_inst/RF/ALUResult_OBUF[20]_inst_i_2_n_0
    SLICE_X8Y125         LUT6 (Prop_lut6_I2_O)        0.097     9.937 r  core_datapath_inst/RF/ALUResult_OBUF[20]_inst_i_1/O
                         net (fo=2, routed)           6.240    16.177    ALUResult_OBUF[20]
    Y6                   OBUF (Prop_obuf_I_O)         2.264    18.441 r  ALUResult_OBUF[20]_inst/O
                         net (fo=0)                   0.000    18.441    ALUResult[20]
    Y6                                                                r  ALUResult[20] (OUT)
  -------------------------------------------------------------------    -------------------

Slack:                    inf
  Source:                 Instr[0]
                            (input port)
  Destination:            ALUResult[17]
                            (output port)
  Path Group:             (none)
  Path Type:              Max at Slow Process Corner
  Data Path Delay:        18.291ns  (logic 3.917ns (21.414%)  route 14.374ns (78.586%))
  Logic Levels:           9  (IBUF=1 LUT2=1 LUT5=1 LUT6=5 OBUF=1)

    Location             Delay type                Incr(ns)  Path(ns)    Netlist Resource(s)
  -------------------------------------------------------------------    -------------------
    U16                                               0.000     0.000 r  Instr[0] (IN)
                         net (fo=0)                   0.000     0.000    Instr[0]
    U16                  IBUF (Prop_ibuf_I_O)         0.807     0.807 r  Instr_IBUF[0]_inst/O
                         net (fo=2, routed)           2.167     2.973    core_datapath_inst/RF/Instr_IBUF[0]
    SLICE_X0Y116         LUT2 (Prop_lut2_I1_O)        0.111     3.084 f  core_datapath_inst/RF/MemWrite_OBUF_inst_i_2/O
                         net (fo=9, routed)           0.634     3.718    core_datapath_inst/RF/Instr[1]
    SLICE_X0Y116         LUT6 (Prop_lut6_I5_O)        0.239     3.957 r  core_datapath_inst/RF/i__carry__0_i_5/O
                         net (fo=125, routed)         0.782     4.739    core_datapath_inst/RF/Instr[4]
    SLICE_X3Y116         LUT6 (Prop_lut6_I4_O)        0.097     4.836 r  core_datapath_inst/RF/i__carry_i_6/O
                         net (fo=82, routed)          2.399     7.235    core_datapath_inst/RF/Instr[31][2]
    SLICE_X8Y125         LUT6 (Prop_lut6_I1_O)        0.097     7.332 r  core_datapath_inst/RF/ALUResult_OBUF[20]_inst_i_11/O
                         net (fo=2, routed)           0.567     7.899    core_datapath_inst/RF/ALUResult_OBUF[20]_inst_i_11_n_0
    SLICE_X10Y123        LUT5 (Prop_lut5_I0_O)        0.097     7.996 r  core_datapath_inst/RF/ALUResult_OBUF[18]_inst_i_9/O
                         net (fo=2, routed)           0.615     8.612    core_datapath_inst/RF/ALUResult_OBUF[18]_inst_i_9_n_0
    SLICE_X11Y123        LUT6 (Prop_lut6_I1_O)        0.097     8.709 r  core_datapath_inst/RF/ALUResult_OBUF[17]_inst_i_4/O
                         net (fo=1, routed)           0.472     9.181    core_datapath_inst/RF/ALUResult_OBUF[17]_inst_i_4_n_0
    SLICE_X8Y123         LUT6 (Prop_lut6_I5_O)        0.097     9.278 r  core_datapath_inst/RF/ALUResult_OBUF[17]_inst_i_1/O
                         net (fo=2, routed)           6.738    16.016    ALUResult_OBUF[17]
    W7                   OBUF (Prop_obuf_I_O)         2.275    18.291 r  ALUResult_OBUF[17]_inst/O
                         net (fo=0)                   0.000    18.291    ALUResult[17]
    W7                                                                r  ALUResult[17] (OUT)
  -------------------------------------------------------------------    -------------------

Slack:                    inf
  Source:                 Instr[0]
                            (input port)
  Destination:            ALUResult[0]
                            (output port)
  Path Group:             (none)
  Path Type:              Max at Slow Process Corner
  Data Path Delay:        18.149ns  (logic 4.577ns (25.219%)  route 13.572ns (74.781%))
  Logic Levels:           13  (CARRY4=4 IBUF=1 LUT2=1 LUT3=1 LUT6=5 OBUF=1)

    Location             Delay type                Incr(ns)  Path(ns)    Netlist Resource(s)
  -------------------------------------------------------------------    -------------------
    U16                                               0.000     0.000 r  Instr[0] (IN)
                         net (fo=0)                   0.000     0.000    Instr[0]
    U16                  IBUF (Prop_ibuf_I_O)         0.807     0.807 r  Instr_IBUF[0]_inst/O
                         net (fo=2, routed)           2.167     2.973    core_datapath_inst/RF/Instr_IBUF[0]
    SLICE_X0Y116         LUT2 (Prop_lut2_I1_O)        0.111     3.084 f  core_datapath_inst/RF/MemWrite_OBUF_inst_i_2/O
                         net (fo=9, routed)           0.634     3.718    core_datapath_inst/RF/Instr[1]
    SLICE_X0Y116         LUT6 (Prop_lut6_I5_O)        0.239     3.957 r  core_datapath_inst/RF/i__carry__0_i_5/O
                         net (fo=125, routed)         1.882     5.839    core_datapath_inst/RF/Instr[4]
    SLICE_X3Y117         LUT3 (Prop_lut3_I1_O)        0.101     5.940 r  core_datapath_inst/RF/sltu_carry_i_9/O
                         net (fo=5, routed)           0.303     6.243    core_datapath_inst/RF/B[6]
    SLICE_X1Y118         LUT6 (Prop_lut6_I0_O)        0.239     6.482 r  core_datapath_inst/RF/sltu_carry_i_1/O
                         net (fo=1, routed)           0.630     7.112    core_datapath_inst/ALU1/sltu_carry__0_0[3]
    SLICE_X3Y118         CARRY4 (Prop_carry4_DI[3]_CO[3])
                                                      0.285     7.397 r  core_datapath_inst/ALU1/sltu_carry/CO[3]
                         net (fo=1, routed)           0.000     7.397    core_datapath_inst/ALU1/sltu_carry_n_0
    SLICE_X3Y119         CARRY4 (Prop_carry4_CI_CO[3])
                                                      0.089     7.486 r  core_datapath_inst/ALU1/sltu_carry__0/CO[3]
                         net (fo=1, routed)           0.000     7.486    core_datapath_inst/ALU1/sltu_carry__0_n_0
    SLICE_X3Y120         CARRY4 (Prop_carry4_CI_CO[3])
                                                      0.089     7.575 r  core_datapath_inst/ALU1/sltu_carry__1/CO[3]
                         net (fo=1, routed)           0.000     7.575    core_datapath_inst/ALU1/sltu_carry__1_n_0
    SLICE_X3Y121         CARRY4 (Prop_carry4_CI_CO[3])
                                                      0.089     7.664 r  core_datapath_inst/ALU1/sltu_carry__2/CO[3]
                         net (fo=2, routed)           0.643     8.307    core_datapath_inst/RF/CO[0]
    SLICE_X6Y120         LUT6 (Prop_lut6_I0_O)        0.097     8.404 r  core_datapath_inst/RF/ALUResult_OBUF[0]_inst_i_5/O
                         net (fo=1, routed)           0.673     9.077    core_datapath_inst/RF/ALUResult_OBUF[0]_inst_i_5_n_0
    SLICE_X6Y115         LUT6 (Prop_lut6_I3_O)        0.097     9.174 r  core_datapath_inst/RF/ALUResult_OBUF[0]_inst_i_2/O
                         net (fo=2, routed)           0.553     9.727    core_datapath_inst/RF/ALUResult_OBUF[0]_inst_i_2_n_0
    SLICE_X8Y115         LUT6 (Prop_lut6_I0_O)        0.097     9.824 r  core_datapath_inst/RF/ALUResult_OBUF[0]_inst_i_1/O
                         net (fo=1, routed)           6.088    15.911    ALUResult_OBUF[0]
    U7                   OBUF (Prop_obuf_I_O)         2.237    18.149 r  ALUResult_OBUF[0]_inst/O
                         net (fo=0)                   0.000    18.149    ALUResult[0]
    U7                                                                r  ALUResult[0] (OUT)
  -------------------------------------------------------------------    -------------------

Slack:                    inf
  Source:                 Instr[0]
                            (input port)
  Destination:            ALUResult[23]
                            (output port)
  Path Group:             (none)
  Path Type:              Max at Slow Process Corner
  Data Path Delay:        18.098ns  (logic 4.560ns (25.198%)  route 13.538ns (74.802%))
  Logic Levels:           11  (CARRY4=2 IBUF=1 LUT2=2 LUT4=1 LUT6=4 OBUF=1)

    Location             Delay type                Incr(ns)  Path(ns)    Netlist Resource(s)
  -------------------------------------------------------------------    -------------------
    U16                                               0.000     0.000 r  Instr[0] (IN)
                         net (fo=0)                   0.000     0.000    Instr[0]
    U16                  IBUF (Prop_ibuf_I_O)         0.807     0.807 r  Instr_IBUF[0]_inst/O
                         net (fo=2, routed)           2.167     2.973    core_datapath_inst/RF/Instr_IBUF[0]
    SLICE_X0Y116         LUT2 (Prop_lut2_I1_O)        0.111     3.084 f  core_datapath_inst/RF/MemWrite_OBUF_inst_i_2/O
                         net (fo=9, routed)           0.634     3.718    core_datapath_inst/RF/Instr[1]
    SLICE_X0Y116         LUT6 (Prop_lut6_I5_O)        0.239     3.957 r  core_datapath_inst/RF/i__carry__0_i_5/O
                         net (fo=125, routed)         1.709     5.667    core_datapath_inst/RF/Instr[4]
    SLICE_X3Y123         LUT6 (Prop_lut6_I0_O)        0.097     5.764 r  core_datapath_inst/RF/i__carry__3_i_5/O
                         net (fo=8, routed)           1.067     6.830    core_datapath_inst/RF/B[19]
    SLICE_X5Y120         LUT2 (Prop_lut2_I1_O)        0.097     6.927 r  core_datapath_inst/RF/ALUResult_OBUF[19]_inst_i_13/O
                         net (fo=1, routed)           0.000     6.927    core_datapath_inst/RF/ALUResult_OBUF[19]_inst_i_13_n_0
    SLICE_X5Y120         CARRY4 (Prop_carry4_S[3]_CO[3])
                                                      0.299     7.226 r  core_datapath_inst/RF/ALUResult_OBUF[19]_inst_i_9/CO[3]
                         net (fo=1, routed)           0.000     7.226    core_datapath_inst/RF/ALUResult_OBUF[19]_inst_i_9_n_0
    SLICE_X5Y121         CARRY4 (Prop_carry4_CI_O[3])
                                                      0.234     7.460 r  core_datapath_inst/RF/ALUResult_OBUF[23]_inst_i_9/O[3]
                         net (fo=1, routed)           0.542     8.002    core_datapath_inst/RF/data0[23]
    SLICE_X5Y125         LUT6 (Prop_lut6_I0_O)        0.234     8.236 r  core_datapath_inst/RF/ALUResult_OBUF[23]_inst_i_6/O
                         net (fo=1, routed)           0.600     8.835    core_datapath_inst/RF/ALUResult_OBUF[23]_inst_i_6_n_0
    SLICE_X7Y127         LUT4 (Prop_lut4_I3_O)        0.097     8.932 r  core_datapath_inst/RF/ALUResult_OBUF[23]_inst_i_2/O
                         net (fo=1, routed)           0.488     9.420    core_datapath_inst/RF/ALUResult_OBUF[23]_inst_i_2_n_0
    SLICE_X7Y127         LUT6 (Prop_lut6_I2_O)        0.097     9.517 r  core_datapath_inst/RF/ALUResult_OBUF[23]_inst_i_1/O
                         net (fo=2, routed)           6.332    15.849    ALUResult_OBUF[23]
    V5                   OBUF (Prop_obuf_I_O)         2.249    18.098 r  ALUResult_OBUF[23]_inst/O
                         net (fo=0)                   0.000    18.098    ALUResult[23]
    V5                                                                r  ALUResult[23] (OUT)
  -------------------------------------------------------------------    -------------------

Slack:                    inf
  Source:                 Instr[0]
                            (input port)
  Destination:            ALUResult[11]
                            (output port)
  Path Group:             (none)
  Path Type:              Max at Slow Process Corner
  Data Path Delay:        18.097ns  (logic 4.153ns (22.948%)  route 13.944ns (77.052%))
  Logic Levels:           10  (IBUF=1 LUT2=2 LUT5=1 LUT6=5 OBUF=1)

    Location             Delay type                Incr(ns)  Path(ns)    Netlist Resource(s)
  -------------------------------------------------------------------    -------------------
    U16                                               0.000     0.000 r  Instr[0] (IN)
                         net (fo=0)                   0.000     0.000    Instr[0]
    U16                  IBUF (Prop_ibuf_I_O)         0.807     0.807 r  Instr_IBUF[0]_inst/O
                         net (fo=2, routed)           2.167     2.973    core_datapath_inst/RF/Instr_IBUF[0]
    SLICE_X0Y116         LUT2 (Prop_lut2_I1_O)        0.111     3.084 f  core_datapath_inst/RF/MemWrite_OBUF_inst_i_2/O
                         net (fo=9, routed)           0.634     3.718    core_datapath_inst/RF/Instr[1]
    SLICE_X0Y116         LUT6 (Prop_lut6_I5_O)        0.239     3.957 r  core_datapath_inst/RF/i__carry__0_i_5/O
                         net (fo=125, routed)         0.495     4.452    core_datapath_inst/RF/Instr[4]
    SLICE_X1Y116         LUT6 (Prop_lut6_I4_O)        0.097     4.549 f  core_datapath_inst/RF/i__carry__0_i_6/O
                         net (fo=65, routed)          2.060     6.609    core_datapath_inst/RF/Instr[31][4]
    SLICE_X10Y126        LUT2 (Prop_lut2_I0_O)        0.100     6.709 r  core_datapath_inst/RF/ALUResult_OBUF[2]_inst_i_10/O
                         net (fo=28, routed)          0.887     7.596    core_datapath_inst/RF/ALUResult_OBUF[2]_inst_i_10_n_0
    SLICE_X10Y121        LUT6 (Prop_lut6_I3_O)        0.234     7.830 r  core_datapath_inst/RF/ALUResult_OBUF[11]_inst_i_16/O
                         net (fo=1, routed)           0.487     8.317    core_datapath_inst/RF/ALUResult_OBUF[11]_inst_i_16_n_0
    SLICE_X11Y121        LUT5 (Prop_lut5_I3_O)        0.097     8.414 r  core_datapath_inst/RF/ALUResult_OBUF[11]_inst_i_12/O
                         net (fo=2, routed)           0.496     8.910    core_datapath_inst/RF/ALUResult_OBUF[11]_inst_i_12_n_0
    SLICE_X11Y121        LUT6 (Prop_lut6_I5_O)        0.097     9.007 r  core_datapath_inst/RF/ALUResult_OBUF[11]_inst_i_5/O
                         net (fo=2, routed)           0.632     9.639    core_datapath_inst/RF/ALUResult_OBUF[11]_inst_i_5_n_0
    SLICE_X8Y118         LUT6 (Prop_lut6_I4_O)        0.097     9.736 r  core_datapath_inst/RF/ALUResult_OBUF[11]_inst_i_1/O
                         net (fo=1, routed)           6.087    15.823    ALUResult_OBUF[11]
    AB8                  OBUF (Prop_obuf_I_O)         2.275    18.097 r  ALUResult_OBUF[11]_inst/O
                         net (fo=0)                   0.000    18.097    ALUResult[11]
    AB8                                                               r  ALUResult[11] (OUT)
  -------------------------------------------------------------------    -------------------

Slack:                    inf
  Source:                 Instr[0]
                            (input port)
  Destination:            ALUResult[21]
                            (output port)
  Path Group:             (none)
  Path Type:              Max at Slow Process Corner
  Data Path Delay:        18.077ns  (logic 4.545ns (25.143%)  route 13.532ns (74.857%))
  Logic Levels:           11  (CARRY4=2 IBUF=1 LUT2=2 LUT4=1 LUT6=4 OBUF=1)

    Location             Delay type                Incr(ns)  Path(ns)    Netlist Resource(s)
  -------------------------------------------------------------------    -------------------
    U16                                               0.000     0.000 r  Instr[0] (IN)
                         net (fo=0)                   0.000     0.000    Instr[0]
    U16                  IBUF (Prop_ibuf_I_O)         0.807     0.807 r  Instr_IBUF[0]_inst/O
                         net (fo=2, routed)           2.167     2.973    core_datapath_inst/RF/Instr_IBUF[0]
    SLICE_X0Y116         LUT2 (Prop_lut2_I1_O)        0.111     3.084 f  core_datapath_inst/RF/MemWrite_OBUF_inst_i_2/O
                         net (fo=9, routed)           0.634     3.718    core_datapath_inst/RF/Instr[1]
    SLICE_X0Y116         LUT6 (Prop_lut6_I5_O)        0.239     3.957 r  core_datapath_inst/RF/i__carry__0_i_5/O
                         net (fo=125, routed)         1.709     5.667    core_datapath_inst/RF/Instr[4]
    SLICE_X3Y123         LUT6 (Prop_lut6_I0_O)        0.097     5.764 r  core_datapath_inst/RF/i__carry__3_i_5/O
                         net (fo=8, routed)           0.881     6.644    core_datapath_inst/RF/B[19]
    SLICE_X4Y120         LUT2 (Prop_lut2_I0_O)        0.097     6.741 r  core_datapath_inst/RF/i__carry__3_i_1/O
                         net (fo=1, routed)           0.000     6.741    core_datapath_inst/ALU1/ALUResult_OBUF[16]_inst_i_6[3]
    SLICE_X4Y120         CARRY4 (Prop_carry4_S[3]_CO[3])
                                                      0.299     7.040 r  core_datapath_inst/ALU1/res0_inferred__0/i__carry__3/CO[3]
                         net (fo=1, routed)           0.000     7.040    core_datapath_inst/ALU1/res0_inferred__0/i__carry__3_n_0
    SLICE_X4Y121         CARRY4 (Prop_carry4_CI_O[1])
                                                      0.230     7.270 r  core_datapath_inst/ALU1/res0_inferred__0/i__carry__4/O[1]
                         net (fo=1, routed)           0.798     8.068    core_datapath_inst/RF/ALUResult_OBUF[31]_inst_i_1_0[20]
    SLICE_X5Y124         LUT6 (Prop_lut6_I1_O)        0.225     8.293 r  core_datapath_inst/RF/ALUResult_OBUF[21]_inst_i_6/O
                         net (fo=1, routed)           0.394     8.687    core_datapath_inst/RF/ALUResult_OBUF[21]_inst_i_6_n_0
    SLICE_X7Y124         LUT4 (Prop_lut4_I3_O)        0.097     8.784 r  core_datapath_inst/RF/ALUResult_OBUF[21]_inst_i_2/O
                         net (fo=1, routed)           0.789     9.574    core_datapath_inst/RF/ALUResult_OBUF[21]_inst_i_2_n_0
    SLICE_X8Y125         LUT6 (Prop_lut6_I2_O)        0.097     9.671 r  core_datapath_inst/RF/ALUResult_OBUF[21]_inst_i_1/O
                         net (fo=2, routed)           6.160    15.830    ALUResult_OBUF[21]
    T6                   OBUF (Prop_obuf_I_O)         2.247    18.077 r  ALUResult_OBUF[21]_inst/O
                         net (fo=0)                   0.000    18.077    ALUResult[21]
    T6                                                                r  ALUResult[21] (OUT)
  -------------------------------------------------------------------    -------------------

Slack:                    inf
  Source:                 Instr[0]
                            (input port)
  Destination:            ALUResult[22]
                            (output port)
  Path Group:             (none)
  Path Type:              Max at Slow Process Corner
  Data Path Delay:        18.012ns  (logic 4.498ns (24.969%)  route 13.515ns (75.031%))
  Logic Levels:           11  (CARRY4=2 IBUF=1 LUT2=2 LUT4=1 LUT6=4 OBUF=1)

    Location             Delay type                Incr(ns)  Path(ns)    Netlist Resource(s)
  -------------------------------------------------------------------    -------------------
    U16                                               0.000     0.000 r  Instr[0] (IN)
                         net (fo=0)                   0.000     0.000    Instr[0]
    U16                  IBUF (Prop_ibuf_I_O)         0.807     0.807 r  Instr_IBUF[0]_inst/O
                         net (fo=2, routed)           2.167     2.973    core_datapath_inst/RF/Instr_IBUF[0]
    SLICE_X0Y116         LUT2 (Prop_lut2_I1_O)        0.111     3.084 f  core_datapath_inst/RF/MemWrite_OBUF_inst_i_2/O
                         net (fo=9, routed)           0.634     3.718    core_datapath_inst/RF/Instr[1]
    SLICE_X0Y116         LUT6 (Prop_lut6_I5_O)        0.239     3.957 r  core_datapath_inst/RF/i__carry__0_i_5/O
                         net (fo=125, routed)         1.709     5.667    core_datapath_inst/RF/Instr[4]
    SLICE_X3Y123         LUT6 (Prop_lut6_I0_O)        0.097     5.764 r  core_datapath_inst/RF/i__carry__3_i_5/O
                         net (fo=8, routed)           1.067     6.830    core_datapath_inst/RF/B[19]
    SLICE_X5Y120         LUT2 (Prop_lut2_I1_O)        0.097     6.927 r  core_datapath_inst/RF/ALUResult_OBUF[19]_inst_i_13/O
                         net (fo=1, routed)           0.000     6.927    core_datapath_inst/RF/ALUResult_OBUF[19]_inst_i_13_n_0
    SLICE_X5Y120         CARRY4 (Prop_carry4_S[3]_CO[3])
                                                      0.299     7.226 r  core_datapath_inst/RF/ALUResult_OBUF[19]_inst_i_9/CO[3]
                         net (fo=1, routed)           0.000     7.226    core_datapath_inst/RF/ALUResult_OBUF[19]_inst_i_9_n_0
    SLICE_X5Y121         CARRY4 (Prop_carry4_CI_O[2])
                                                      0.181     7.407 r  core_datapath_inst/RF/ALUResult_OBUF[23]_inst_i_9/O[2]
                         net (fo=1, routed)           0.700     8.107    core_datapath_inst/RF/data0[22]
    SLICE_X5Y124         LUT6 (Prop_lut6_I0_O)        0.230     8.337 r  core_datapath_inst/RF/ALUResult_OBUF[22]_inst_i_6/O
                         net (fo=1, routed)           0.718     9.055    core_datapath_inst/RF/ALUResult_OBUF[22]_inst_i_6_n_0
    SLICE_X8Y126         LUT4 (Prop_lut4_I3_O)        0.097     9.152 r  core_datapath_inst/RF/ALUResult_OBUF[22]_inst_i_2/O
                         net (fo=1, routed)           0.394     9.546    core_datapath_inst/RF/ALUResult_OBUF[22]_inst_i_2_n_0
    SLICE_X9Y127         LUT6 (Prop_lut6_I2_O)        0.097     9.643 r  core_datapath_inst/RF/ALUResult_OBUF[22]_inst_i_1/O
                         net (fo=2, routed)           6.127    15.769    ALUResult_OBUF[22]
    R6                   OBUF (Prop_obuf_I_O)         2.243    18.012 r  ALUResult_OBUF[22]_inst/O
                         net (fo=0)                   0.000    18.012    ALUResult[22]
    R6                                                                r  ALUResult[22] (OUT)
  -------------------------------------------------------------------    -------------------

Slack:                    inf
  Source:                 Instr[0]
                            (input port)
  Destination:            ALUResult[10]
                            (output port)
  Path Group:             (none)
  Path Type:              Max at Slow Process Corner
  Data Path Delay:        17.970ns  (logic 4.154ns (23.114%)  route 13.816ns (76.886%))
  Logic Levels:           10  (IBUF=1 LUT2=2 LUT5=1 LUT6=5 OBUF=1)

    Location             Delay type                Incr(ns)  Path(ns)    Netlist Resource(s)
  -------------------------------------------------------------------    -------------------
    U16                                               0.000     0.000 r  Instr[0] (IN)
                         net (fo=0)                   0.000     0.000    Instr[0]
    U16                  IBUF (Prop_ibuf_I_O)         0.807     0.807 r  Instr_IBUF[0]_inst/O
                         net (fo=2, routed)           2.167     2.973    core_datapath_inst/RF/Instr_IBUF[0]
    SLICE_X0Y116         LUT2 (Prop_lut2_I1_O)        0.111     3.084 f  core_datapath_inst/RF/MemWrite_OBUF_inst_i_2/O
                         net (fo=9, routed)           0.634     3.718    core_datapath_inst/RF/Instr[1]
    SLICE_X0Y116         LUT6 (Prop_lut6_I5_O)        0.239     3.957 r  core_datapath_inst/RF/i__carry__0_i_5/O
                         net (fo=125, routed)         0.495     4.452    core_datapath_inst/RF/Instr[4]
    SLICE_X1Y116         LUT6 (Prop_lut6_I4_O)        0.097     4.549 f  core_datapath_inst/RF/i__carry__0_i_6/O
                         net (fo=65, routed)          2.060     6.609    core_datapath_inst/RF/Instr[31][4]
    SLICE_X10Y126        LUT2 (Prop_lut2_I0_O)        0.100     6.709 r  core_datapath_inst/RF/ALUResult_OBUF[2]_inst_i_10/O
                         net (fo=28, routed)          0.887     7.596    core_datapath_inst/RF/ALUResult_OBUF[2]_inst_i_10_n_0
    SLICE_X10Y121        LUT6 (Prop_lut6_I3_O)        0.234     7.830 r  core_datapath_inst/RF/ALUResult_OBUF[11]_inst_i_16/O
                         net (fo=1, routed)           0.487     8.317    core_datapath_inst/RF/ALUResult_OBUF[11]_inst_i_16_n_0
    SLICE_X11Y121        LUT5 (Prop_lut5_I3_O)        0.097     8.414 r  core_datapath_inst/RF/ALUResult_OBUF[11]_inst_i_12/O
                         net (fo=2, routed)           0.388     8.802    core_datapath_inst/RF/ALUResult_OBUF[11]_inst_i_12_n_0
    SLICE_X11Y119        LUT6 (Prop_lut6_I1_O)        0.097     8.899 r  core_datapath_inst/RF/ALUResult_OBUF[10]_inst_i_3/O
                         net (fo=2, routed)           0.598     9.497    core_datapath_inst/RF/ALUResult_OBUF[10]_inst_i_3_n_0
    SLICE_X8Y116         LUT6 (Prop_lut6_I4_O)        0.097     9.594 r  core_datapath_inst/RF/ALUResult_OBUF[10]_inst_i_1/O
                         net (fo=1, routed)           6.100    15.695    ALUResult_OBUF[10]
    Y8                   OBUF (Prop_obuf_I_O)         2.275    17.970 r  ALUResult_OBUF[10]_inst/O
                         net (fo=0)                   0.000    17.970    ALUResult[10]
    Y8                                                                r  ALUResult[10] (OUT)
  -------------------------------------------------------------------    -------------------

Slack:                    inf
  Source:                 Instr[0]
                            (input port)
  Destination:            ALUResult[12]
                            (output port)
  Path Group:             (none)
  Path Type:              Max at Slow Process Corner
  Data Path Delay:        17.692ns  (logic 3.913ns (22.116%)  route 13.779ns (77.884%))
  Logic Levels:           9  (IBUF=1 LUT2=1 LUT5=1 LUT6=5 OBUF=1)

    Location             Delay type                Incr(ns)  Path(ns)    Netlist Resource(s)
  -------------------------------------------------------------------    -------------------
    U16                                               0.000     0.000 r  Instr[0] (IN)
                         net (fo=0)                   0.000     0.000    Instr[0]
    U16                  IBUF (Prop_ibuf_I_O)         0.807     0.807 r  Instr_IBUF[0]_inst/O
                         net (fo=2, routed)           2.167     2.973    core_datapath_inst/RF/Instr_IBUF[0]
    SLICE_X0Y116         LUT2 (Prop_lut2_I1_O)        0.111     3.084 f  core_datapath_inst/RF/MemWrite_OBUF_inst_i_2/O
                         net (fo=9, routed)           0.634     3.718    core_datapath_inst/RF/Instr[1]
    SLICE_X0Y116         LUT6 (Prop_lut6_I5_O)        0.239     3.957 r  core_datapath_inst/RF/i__carry__0_i_5/O
                         net (fo=125, routed)         0.782     4.739    core_datapath_inst/RF/Instr[4]
    SLICE_X3Y116         LUT6 (Prop_lut6_I4_O)        0.097     4.836 r  core_datapath_inst/RF/i__carry_i_6/O
                         net (fo=82, routed)          1.767     6.603    core_datapath_inst/RF/Instr[31][2]
    SLICE_X8Y122         LUT6 (Prop_lut6_I1_O)        0.097     6.700 r  core_datapath_inst/RF/ALUResult_OBUF[13]_inst_i_9/O
                         net (fo=2, routed)           0.852     7.552    core_datapath_inst/RF/ALUResult_OBUF[13]_inst_i_9_n_0
    SLICE_X12Y121        LUT5 (Prop_lut5_I0_O)        0.097     7.649 r  core_datapath_inst/RF/ALUResult_OBUF[13]_inst_i_7/O
                         net (fo=2, routed)           0.511     8.160    core_datapath_inst/RF/ALUResult_OBUF[13]_inst_i_7_n_0
    SLICE_X12Y121        LUT6 (Prop_lut6_I2_O)        0.097     8.257 r  core_datapath_inst/RF/ALUResult_OBUF[12]_inst_i_4/O
                         net (fo=1, routed)           0.617     8.874    core_datapath_inst/RF/ALUResult_OBUF[12]_inst_i_4_n_0
    SLICE_X7Y121         LUT6 (Prop_lut6_I5_O)        0.097     8.971 r  core_datapath_inst/RF/ALUResult_OBUF[12]_inst_i_1/O
                         net (fo=2, routed)           6.450    15.420    ALUResult_OBUF[12]
    AA8                  OBUF (Prop_obuf_I_O)         2.271    17.692 r  ALUResult_OBUF[12]_inst/O
                         net (fo=0)                   0.000    17.692    ALUResult[12]
    AA8                                                               r  ALUResult[12] (OUT)
  -------------------------------------------------------------------    -------------------





Min Delay Paths
--------------------------------------------------------------------------------------
Slack:                    inf
  Source:                 core_datapath_inst/PC1/PC_reg[11]/C
                            (rising edge-triggered cell FDCE)
  Destination:            core_datapath_inst/PC1/PC_reg[11]/D
  Path Group:             (none)
  Path Type:              Min at Fast Process Corner
  Data Path Delay:        0.398ns  (logic 0.274ns (68.885%)  route 0.124ns (31.115%))
  Logic Levels:           2  (CARRY4=1 FDCE=1)

    Location             Delay type                Incr(ns)  Path(ns)    Netlist Resource(s)
  -------------------------------------------------------------------    -------------------
    SLICE_X22Y136        FDCE                         0.000     0.000 r  core_datapath_inst/PC1/PC_reg[11]/C
    SLICE_X22Y136        FDCE (Prop_fdce_C_Q)         0.164     0.164 r  core_datapath_inst/PC1/PC_reg[11]/Q
                         net (fo=3, routed)           0.124     0.288    core_datapath_inst/PC1/out[9]
    SLICE_X22Y136        CARRY4 (Prop_carry4_S[2]_O[2])
                                                      0.110     0.398 r  core_datapath_inst/PC1/PC_reg[9]_i_1/O[2]
                         net (fo=1, routed)           0.000     0.398    core_datapath_inst/PC1/PC_reg[9]_i_1_n_5
    SLICE_X22Y136        FDCE                                         r  core_datapath_inst/PC1/PC_reg[11]/D
  -------------------------------------------------------------------    -------------------

Slack:                    inf
  Source:                 core_datapath_inst/PC1/PC_reg[3]/C
                            (rising edge-triggered cell FDCE)
  Destination:            core_datapath_inst/PC1/PC_reg[3]/D
  Path Group:             (none)
  Path Type:              Min at Fast Process Corner
  Data Path Delay:        0.398ns  (logic 0.274ns (68.885%)  route 0.124ns (31.115%))
  Logic Levels:           2  (CARRY4=1 FDCE=1)

    Location             Delay type                Incr(ns)  Path(ns)    Netlist Resource(s)
  -------------------------------------------------------------------    -------------------
    SLICE_X22Y134        FDCE                         0.000     0.000 r  core_datapath_inst/PC1/PC_reg[3]/C
    SLICE_X22Y134        FDCE (Prop_fdce_C_Q)         0.164     0.164 r  core_datapath_inst/PC1/PC_reg[3]/Q
                         net (fo=3, routed)           0.124     0.288    core_datapath_inst/PC1/out[1]
    SLICE_X22Y134        CARRY4 (Prop_carry4_S[2]_O[2])
                                                      0.110     0.398 r  core_datapath_inst/PC1/PC_reg[2]_i_1/O[2]
                         net (fo=1, routed)           0.000     0.398    core_datapath_inst/PC1/PC_reg[2]_i_1_n_5
    SLICE_X22Y134        FDCE                                         r  core_datapath_inst/PC1/PC_reg[3]/D
  -------------------------------------------------------------------    -------------------

Slack:                    inf
  Source:                 core_datapath_inst/PC1/PC_reg[7]/C
                            (rising edge-triggered cell FDCE)
  Destination:            core_datapath_inst/PC1/PC_reg[7]/D
  Path Group:             (none)
  Path Type:              Min at Fast Process Corner
  Data Path Delay:        0.398ns  (logic 0.274ns (68.885%)  route 0.124ns (31.115%))
  Logic Levels:           2  (CARRY4=1 FDCE=1)

    Location             Delay type                Incr(ns)  Path(ns)    Netlist Resource(s)
  -------------------------------------------------------------------    -------------------
    SLICE_X22Y135        FDCE                         0.000     0.000 r  core_datapath_inst/PC1/PC_reg[7]/C
    SLICE_X22Y135        FDCE (Prop_fdce_C_Q)         0.164     0.164 r  core_datapath_inst/PC1/PC_reg[7]/Q
                         net (fo=3, routed)           0.124     0.288    core_datapath_inst/PC1/out[5]
    SLICE_X22Y135        CARRY4 (Prop_carry4_S[2]_O[2])
                                                      0.110     0.398 r  core_datapath_inst/PC1/PC_reg[5]_i_1/O[2]
                         net (fo=1, routed)           0.000     0.398    core_datapath_inst/PC1/PC_reg[5]_i_1_n_5
    SLICE_X22Y135        FDCE                                         r  core_datapath_inst/PC1/PC_reg[7]/D
  -------------------------------------------------------------------    -------------------

Slack:                    inf
  Source:                 core_datapath_inst/PC1/PC_reg[19]/C
                            (rising edge-triggered cell FDCE)
  Destination:            core_datapath_inst/PC1/PC_reg[19]/D
  Path Group:             (none)
  Path Type:              Min at Fast Process Corner
  Data Path Delay:        0.411ns  (logic 0.274ns (66.659%)  route 0.137ns (33.341%))
  Logic Levels:           2  (CARRY4=1 FDCE=1)

    Location             Delay type                Incr(ns)  Path(ns)    Netlist Resource(s)
  -------------------------------------------------------------------    -------------------
    SLICE_X22Y138        FDCE                         0.000     0.000 r  core_datapath_inst/PC1/PC_reg[19]/C
    SLICE_X22Y138        FDCE (Prop_fdce_C_Q)         0.164     0.164 r  core_datapath_inst/PC1/PC_reg[19]/Q
                         net (fo=3, routed)           0.137     0.301    core_datapath_inst/PC1/out[17]
    SLICE_X22Y138        CARRY4 (Prop_carry4_S[2]_O[2])
                                                      0.110     0.411 r  core_datapath_inst/PC1/PC_reg[17]_i_1/O[2]
                         net (fo=1, routed)           0.000     0.411    core_datapath_inst/PC1/PC_reg[17]_i_1_n_5
    SLICE_X22Y138        FDCE                                         r  core_datapath_inst/PC1/PC_reg[19]/D
  -------------------------------------------------------------------    -------------------

Slack:                    inf
  Source:                 core_datapath_inst/PC1/PC_reg[23]/C
                            (rising edge-triggered cell FDCE)
  Destination:            core_datapath_inst/PC1/PC_reg[23]/D
  Path Group:             (none)
  Path Type:              Min at Fast Process Corner
  Data Path Delay:        0.411ns  (logic 0.274ns (66.659%)  route 0.137ns (33.341%))
  Logic Levels:           2  (CARRY4=1 FDCE=1)

    Location             Delay type                Incr(ns)  Path(ns)    Netlist Resource(s)
  -------------------------------------------------------------------    -------------------
    SLICE_X22Y139        FDCE                         0.000     0.000 r  core_datapath_inst/PC1/PC_reg[23]/C
    SLICE_X22Y139        FDCE (Prop_fdce_C_Q)         0.164     0.164 r  core_datapath_inst/PC1/PC_reg[23]/Q
                         net (fo=3, routed)           0.137     0.301    core_datapath_inst/PC1/out[21]
    SLICE_X22Y139        CARRY4 (Prop_carry4_S[2]_O[2])
                                                      0.110     0.411 r  core_datapath_inst/PC1/PC_reg[21]_i_1/O[2]
                         net (fo=1, routed)           0.000     0.411    core_datapath_inst/PC1/PC_reg[21]_i_1_n_5
    SLICE_X22Y139        FDCE                                         r  core_datapath_inst/PC1/PC_reg[23]/D
  -------------------------------------------------------------------    -------------------

Slack:                    inf
  Source:                 core_datapath_inst/PC1/PC_reg[27]/C
                            (rising edge-triggered cell FDCE)
  Destination:            core_datapath_inst/PC1/PC_reg[27]/D
  Path Group:             (none)
  Path Type:              Min at Fast Process Corner
  Data Path Delay:        0.411ns  (logic 0.274ns (66.659%)  route 0.137ns (33.341%))
  Logic Levels:           2  (CARRY4=1 FDCE=1)

    Location             Delay type                Incr(ns)  Path(ns)    Netlist Resource(s)
  -------------------------------------------------------------------    -------------------
    SLICE_X22Y140        FDCE                         0.000     0.000 r  core_datapath_inst/PC1/PC_reg[27]/C
    SLICE_X22Y140        FDCE (Prop_fdce_C_Q)         0.164     0.164 r  core_datapath_inst/PC1/PC_reg[27]/Q
                         net (fo=3, routed)           0.137     0.301    core_datapath_inst/PC1/out[25]
    SLICE_X22Y140        CARRY4 (Prop_carry4_S[2]_O[2])
                                                      0.110     0.411 r  core_datapath_inst/PC1/PC_reg[25]_i_1/O[2]
                         net (fo=1, routed)           0.000     0.411    core_datapath_inst/PC1/PC_reg[25]_i_1_n_5
    SLICE_X22Y140        FDCE                                         r  core_datapath_inst/PC1/PC_reg[27]/D
  -------------------------------------------------------------------    -------------------

Slack:                    inf
  Source:                 core_datapath_inst/PC1/PC_reg[31]/C
                            (rising edge-triggered cell FDCE)
  Destination:            core_datapath_inst/PC1/PC_reg[31]/D
  Path Group:             (none)
  Path Type:              Min at Fast Process Corner
  Data Path Delay:        0.411ns  (logic 0.274ns (66.659%)  route 0.137ns (33.341%))
  Logic Levels:           2  (CARRY4=1 FDCE=1)

    Location             Delay type                Incr(ns)  Path(ns)    Netlist Resource(s)
  -------------------------------------------------------------------    -------------------
    SLICE_X22Y141        FDCE                         0.000     0.000 r  core_datapath_inst/PC1/PC_reg[31]/C
    SLICE_X22Y141        FDCE (Prop_fdce_C_Q)         0.164     0.164 r  core_datapath_inst/PC1/PC_reg[31]/Q
                         net (fo=3, routed)           0.137     0.301    core_datapath_inst/PC1/out[29]
    SLICE_X22Y141        CARRY4 (Prop_carry4_S[2]_O[2])
                                                      0.110     0.411 r  core_datapath_inst/PC1/PC_reg[29]_i_1/O[2]
                         net (fo=1, routed)           0.000     0.411    core_datapath_inst/PC1/PC_reg[29]_i_1_n_5
    SLICE_X22Y141        FDCE                                         r  core_datapath_inst/PC1/PC_reg[31]/D
  -------------------------------------------------------------------    -------------------

Slack:                    inf
  Source:                 core_datapath_inst/PC1/PC_reg[2]/C
                            (rising edge-triggered cell FDCE)
  Destination:            core_datapath_inst/PC1/PC_reg[4]/D
  Path Group:             (none)
  Path Type:              Min at Fast Process Corner
  Data Path Delay:        0.423ns  (logic 0.334ns (78.875%)  route 0.089ns (21.125%))
  Logic Levels:           2  (CARRY4=1 FDCE=1)

    Location             Delay type                Incr(ns)  Path(ns)    Netlist Resource(s)
  -------------------------------------------------------------------    -------------------
    SLICE_X22Y134        FDCE                         0.000     0.000 r  core_datapath_inst/PC1/PC_reg[2]/C
    SLICE_X22Y134        FDCE (Prop_fdce_C_Q)         0.164     0.164 r  core_datapath_inst/PC1/PC_reg[2]/Q
                         net (fo=5, routed)           0.089     0.253    core_datapath_inst/PC1/out[0]
    SLICE_X22Y134        CARRY4 (Prop_carry4_DI[1]_O[3])
                                                      0.170     0.423 r  core_datapath_inst/PC1/PC_reg[2]_i_1/O[3]
                         net (fo=1, routed)           0.000     0.423    core_datapath_inst/PC1/PC_reg[2]_i_1_n_4
    SLICE_X22Y134        FDCE                                         r  core_datapath_inst/PC1/PC_reg[4]/D
  -------------------------------------------------------------------    -------------------

Slack:                    inf
  Source:                 core_datapath_inst/PC1/PC_reg[11]/C
                            (rising edge-triggered cell FDCE)
  Destination:            core_datapath_inst/PC1/PC_reg[12]/D
  Path Group:             (none)
  Path Type:              Min at Fast Process Corner
  Data Path Delay:        0.434ns  (logic 0.310ns (71.468%)  route 0.124ns (28.532%))
  Logic Levels:           2  (CARRY4=1 FDCE=1)

    Location             Delay type                Incr(ns)  Path(ns)    Netlist Resource(s)
  -------------------------------------------------------------------    -------------------
    SLICE_X22Y136        FDCE                         0.000     0.000 r  core_datapath_inst/PC1/PC_reg[11]/C
    SLICE_X22Y136        FDCE (Prop_fdce_C_Q)         0.164     0.164 r  core_datapath_inst/PC1/PC_reg[11]/Q
                         net (fo=3, routed)           0.124     0.288    core_datapath_inst/PC1/out[9]
    SLICE_X22Y136        CARRY4 (Prop_carry4_S[2]_O[3])
                                                      0.146     0.434 r  core_datapath_inst/PC1/PC_reg[9]_i_1/O[3]
                         net (fo=1, routed)           0.000     0.434    core_datapath_inst/PC1/PC_reg[9]_i_1_n_4
    SLICE_X22Y136        FDCE                                         r  core_datapath_inst/PC1/PC_reg[12]/D
  -------------------------------------------------------------------    -------------------

Slack:                    inf
  Source:                 core_datapath_inst/PC1/PC_reg[7]/C
                            (rising edge-triggered cell FDCE)
  Destination:            core_datapath_inst/PC1/PC_reg[8]/D
  Path Group:             (none)
  Path Type:              Min at Fast Process Corner
  Data Path Delay:        0.434ns  (logic 0.310ns (71.468%)  route 0.124ns (28.532%))
  Logic Levels:           2  (CARRY4=1 FDCE=1)

    Location             Delay type                Incr(ns)  Path(ns)    Netlist Resource(s)
  -------------------------------------------------------------------    -------------------
    SLICE_X22Y135        FDCE                         0.000     0.000 r  core_datapath_inst/PC1/PC_reg[7]/C
    SLICE_X22Y135        FDCE (Prop_fdce_C_Q)         0.164     0.164 r  core_datapath_inst/PC1/PC_reg[7]/Q
                         net (fo=3, routed)           0.124     0.288    core_datapath_inst/PC1/out[5]
    SLICE_X22Y135        CARRY4 (Prop_carry4_S[2]_O[3])
                                                      0.146     0.434 r  core_datapath_inst/PC1/PC_reg[5]_i_1/O[3]
                         net (fo=1, routed)           0.000     0.434    core_datapath_inst/PC1/PC_reg[5]_i_1_n_4
    SLICE_X22Y135        FDCE                                         r  core_datapath_inst/PC1/PC_reg[8]/D
  -------------------------------------------------------------------    -------------------





