Copyright 1986-2022 Xilinx, Inc. All Rights Reserved. Copyright 2022-2024 Advanced Micro Devices, Inc. All Rights Reserved.
-------------------------------------------------------------------------------------------------------------------------------------------------------------------------
| Tool Version     : Vivado v.2024.2 (win64) Build 5239630 Fri Nov 08 22:35:27 MST 2024
| Date             : Thu Jun 11 16:59:32 2026
| Host             : LAPTOP-63RP9LVC running 64-bit major release  (build 9200)
| Command          : report_power -file Single_Cycle_Core_power_routed.rpt -pb Single_Cycle_Core_power_summary_routed.pb -rpx Single_Cycle_Core_power_routed.rpx
| Design           : Single_Cycle_Core
| Device           : xc7a200tsbg484-3
| Design State     : routed
| Grade            : extended
| Process          : typical
| Characterization : Production
-------------------------------------------------------------------------------------------------------------------------------------------------------------------------

Power Report

Table of Contents
-----------------
1. Summary
1.1 On-Chip Components
1.2 Power Supply Summary
1.3 Confidence Level
2. Settings
2.1 Environment
2.2 Clock Constraints
3. Detailed Reports
3.1 By Hierarchy

1. Summary
----------

+--------------------------+----------------------------------+
| Total On-Chip Power (W)  | 87.176 (Junction temp exceeded!) |
| Design Power Budget (W)  | Unspecified*                     |
| Power Budget Margin (W)  | NA                               |
| Dynamic (W)              | 85.501                           |
| Device Static (W)        | 1.674                            |
| Effective TJA (C/W)      | 3.3                              |
| Max Ambient (C)          | 0.0                              |
| Junction Temperature (C) | 125.0                            |
| Confidence Level         | Low                              |
| Setting File             | ---                              |
| Simulation Activity File | ---                              |
| Design Nets Matched      | NA                               |
+--------------------------+----------------------------------+
* Specify Design Power Budget using, set_operating_conditions -design_power_budget <value in Watts>


1.1 On-Chip Components
----------------------

+--------------------------+-----------+----------+-----------+-----------------+
| On-Chip                  | Power (W) | Used     | Available | Utilization (%) |
+--------------------------+-----------+----------+-----------+-----------------+
| Slice Logic              |     6.576 |      712 |       --- |             --- |
|   LUT as Logic           |     5.818 |      490 |    133800 |            0.37 |
|   LUT as Distributed RAM |     0.525 |       44 |     46200 |            0.10 |
|   CARRY4                 |     0.216 |       42 |     33450 |            0.13 |
|   Register               |     0.011 |       30 |    267600 |            0.01 |
|   BUFG                   |     0.006 |        1 |        32 |            3.13 |
|   Others                 |     0.000 |        6 |       --- |             --- |
| Signals                  |     9.823 |      750 |       --- |             --- |
| I/O                      |    69.102 |      163 |       285 |           57.19 |
| Static Power             |     1.674 |          |           |                 |
| Total                    |    87.176 |          |           |                 |
+--------------------------+-----------+----------+-----------+-----------------+


1.2 Power Supply Summary
------------------------

+-----------+-------------+-----------+-------------+------------+-------------+-------------+------------+
| Source    | Voltage (V) | Total (A) | Dynamic (A) | Static (A) | Powerup (A) | Budget (A)  | Margin (A) |
+-----------+-------------+-----------+-------------+------------+-------------+-------------+------------+
| Vccint    |       1.000 |    17.870 |      16.659 |      1.210 |       NA    | Unspecified | NA         |
| Vccaux    |       1.800 |     5.841 |       5.636 |      0.206 |       NA    | Unspecified | NA         |
| Vcco33    |       3.300 |     0.000 |       0.000 |      0.000 |       NA    | Unspecified | NA         |
| Vcco25    |       2.500 |     0.000 |       0.000 |      0.000 |       NA    | Unspecified | NA         |
| Vcco18    |       1.800 |    32.615 |      32.610 |      0.005 |       NA    | Unspecified | NA         |
| Vcco15    |       1.500 |     0.000 |       0.000 |      0.000 |       NA    | Unspecified | NA         |
| Vcco135   |       1.350 |     0.000 |       0.000 |      0.000 |       NA    | Unspecified | NA         |
| Vcco12    |       1.200 |     0.000 |       0.000 |      0.000 |       NA    | Unspecified | NA         |
| Vccaux_io |       1.800 |     0.000 |       0.000 |      0.000 |       NA    | Unspecified | NA         |
| Vccbram   |       1.000 |     0.048 |       0.000 |      0.048 |       NA    | Unspecified | NA         |
| MGTAVcc   |       1.000 |     0.000 |       0.000 |      0.000 |       NA    | Unspecified | NA         |
| MGTAVtt   |       1.200 |     0.000 |       0.000 |      0.000 |       NA    | Unspecified | NA         |
| Vccadc    |       1.800 |     0.020 |       0.000 |      0.020 |       NA    | Unspecified | NA         |
+-----------+-------------+-----------+-------------+------------+-------------+-------------+------------+


1.3 Confidence Level
--------------------

+-----------------------------+------------+--------------------------------------------------------+--------------------------------------------------------------------------------------------------------------------+
| User Input Data             | Confidence | Details                                                | Action                                                                                                             |
+-----------------------------+------------+--------------------------------------------------------+--------------------------------------------------------------------------------------------------------------------+
| Design implementation state | High       | Design is routed                                       |                                                                                                                    |
| Clock nodes activity        | Low        | User specified less than 75% of clocks                 | Provide missing clock activity with a constraint file, simulation results or by editing the "By Clock Domain" view |
| I/O nodes activity          | Low        | More than 75% of inputs are missing user specification | Provide missing input activity with simulation results or by editing the "By Resource Type -> I/Os" view           |
| Internal nodes activity     | Medium     | User specified less than 25% of internal nodes         | Provide missing internal nodes activity with simulation results or by editing the "By Resource Type" views         |
| Device models               | High       | Device models are Production                           |                                                                                                                    |
|                             |            |                                                        |                                                                                                                    |
| Overall confidence level    | Low        |                                                        |                                                                                                                    |
+-----------------------------+------------+--------------------------------------------------------+--------------------------------------------------------------------------------------------------------------------+


2. Settings
-----------

2.1 Environment
---------------

+-----------------------+--------------------------+
| Ambient Temp (C)      | 25.0                     |
| ThetaJA (C/W)         | 3.3                      |
| Airflow (LFM)         | 250                      |
| Heat Sink             | medium (Medium Profile)  |
| ThetaSA (C/W)         | 4.6                      |
| Board Selection       | medium (10"x10")         |
| # of Board Layers     | 12to15 (12 to 15 Layers) |
| Board Temperature (C) | 25.0                     |
+-----------------------+--------------------------+


2.2 Clock Constraints
---------------------

+-------+--------+-----------------+
| Clock | Domain | Constraint (ns) |
+-------+--------+-----------------+


3. Detailed Reports
-------------------

3.1 By Hierarchy
----------------

+--------------------------------+-----------+
| Name                           | Power (W) |
+--------------------------------+-----------+
| Single_Cycle_Core              |    85.501 |
|   core_datapath_inst           |    15.672 |
|     ALU1                       |     0.509 |
|     PC1                        |     1.047 |
|     RF                         |    14.116 |
|       mem_reg_r1_0_31_0_5      |     0.071 |
|       mem_reg_r1_0_31_12_17    |     0.065 |
|       mem_reg_r1_0_31_18_23    |     0.152 |
|       mem_reg_r1_0_31_24_29    |     0.176 |
|       mem_reg_r1_0_31_30_31    |     0.038 |
|       mem_reg_r1_0_31_30_31__0 |     0.034 |
|       mem_reg_r1_0_31_6_11     |     0.104 |
|       mem_reg_r2_0_31_0_5      |     0.380 |
|       mem_reg_r2_0_31_12_17    |     0.377 |
|       mem_reg_r2_0_31_18_23    |     0.409 |
|       mem_reg_r2_0_31_24_29    |     0.474 |
|       mem_reg_r2_0_31_30_31    |     0.098 |
|       mem_reg_r2_0_31_30_31__0 |     0.096 |
|       mem_reg_r2_0_31_6_11     |     0.363 |
+--------------------------------+-----------+


